// Vitest Snapshot v1, https://vitest.dev/guide/snapshot.html

exports[`Assistant Component > renders correctly (snapshot) 1`] = `
<DocumentFragment>
  <div
    class="container"
    style="padding-top: 40px; padding-bottom: 40px;"
  >
    <section
      aria-label="Elexia Election Assistant Chat"
      class="glass-panel"
      style="max-width: 800px; margin: 0px auto; height: 620px; display: flex; flex-direction: column;"
    >
      <header
        style="padding: 20px; border-bottom: 1px solid var(--border-light); display: flex; align-items: center; justify-content: space-between;"
      >
        <div
          style="display: flex; align-items: center; gap: 12px;"
        >
          <div
            aria-hidden="true"
            style="background: var(--primary-glow); padding: 10px; border-radius: 50%;"
          >
            <svg
              aria-hidden="true"
              class="lucide lucide-bot"
              fill="none"
              height="24"
              stroke="var(--primary)"
              stroke-linecap="round"
              stroke-linejoin="round"
              stroke-width="2"
              viewBox="0 0 24 24"
              width="24"
              xmlns="http://www.w3.org/2000/svg"
            >
              <path
                d="M12 8V4H8"
              />
              <rect
                height="12"
                rx="2"
                width="16"
                x="4"
                y="8"
              />
              <path
                d="M2 14h2"
              />
              <path
                d="M20 14h2"
              />
              <path
                d="M15 13v2"
              />
              <path
                d="M9 13v2"
              />
            </svg>
          </div>
          <div>
            <h2
              style="font-size: 1.25rem;"
            >
              Elexia Assistant
            </h2>
            <p
              style="color: var(--text-secondary); font-size: 0.875rem;"
            >
              Your smart voting guide
            </p>
          </div>
        </div>
        <button
          aria-label="Enable voice read-aloud"
          aria-pressed="false"
          class="btn btn-outline"
          style="padding: 8px; border-radius: 50%;"
        >
          <svg
            aria-hidden="true"
            class="lucide lucide-volume-x"
            fill="none"
            height="18"
            stroke="var(--text-muted)"
            stroke-linecap="round"
            stroke-linejoin="round"
            stroke-width="2"
            viewBox="0 0 24 24"
            width="18"
            xmlns="http://www.w3.org/2000/svg"
          >
            <path
              d="M11 4.702a.705.705 0 0 0-1.203-.498L6.413 7.587A1.4 1.4 0 0 1 5.416 8H3a1 1 0 0 0-1 1v6a1 1 0 0 0 1 1h2.416a1.4 1.4 0 0 1 .997.413l3.383 3.384A.705.705 0 0 0 11 19.298z"
            />
            <line
              x1="22"
              x2="16"
              y1="9"
              y2="15"
            />
            <line
              x1="16"
              x2="22"
              y1="9"
              y2="15"
            />
          </svg>
        </button>
      </header>
      <div
        aria-label="Elexia Election Assistant Chat"
        aria-live="polite"
        role="log"
        style="flex: 1 1 0%; padding: 24px; overflow-y: auto; display: flex; flex-direction: column; gap: 20px;"
      >
        <div
          animate="[object Object]"
          aria-label="Elexia is typing"
          initial="[object Object]"
          role="status"
        >
          <div
            style="display: flex; align-items: center; gap: 12px;"
          >
            <div
              aria-hidden="true"
              style="width: 36px; height: 36px; border-radius: 50%; display: flex; align-items: center; justify-content: center; background: rgba(255, 255, 255, 0.05);"
            >
              <svg
                aria-hidden="true"
                class="lucide lucide-bot"
                fill="none"
                height="18"
                stroke="var(--text-primary)"
                stroke-linecap="round"
                stroke-linejoin="round"
                stroke-width="2"
                viewBox="0 0 24 24"
                width="18"
                xmlns="http://www.w3.org/2000/svg"
              >
                <path
                  d="M12 8V4H8"
                />
                <rect
                  height="12"
                  rx="2"
                  width="16"
                  x="4"
                  y="8"
                />
                <path
                  d="M2 14h2"
                />
                <path
                  d="M20 14h2"
                />
                <path
                  d="M15 13v2"
                />
                <path
                  d="M9 13v2"
                />
              </svg>
            </div>
            <div
              class="message-bubble message-bot"
              style="display: flex; gap: 4px;"
            >
              <span
                animate="[object Object]"
                aria-hidden="true"
                transition="[object Object]"
              >
                •
              </span>
              <span
                animate="[object Object]"
                aria-hidden="true"
                transition="[object Object]"
              >
                •
              </span>
              <span
                animate="[object Object]"
                aria-hidden="true"
                transition="[object Object]"
              >
                •
              </span>
            </div>
          </div>
        </div>
      </div>
    </section>
  </div>
</DocumentFragment>
`;
